// Jest Snapshot v1, https://goo.gl/fbAQLP

exports[`matches snapshot 1`] = `
<DocumentFragment>
  <div
    class="App"
  >
    <div>
      <h2>
        Todo List
      </h2>
      <form>
        <label
          for="task"
        >
          Task: 
        </label>
        <input
          id="task"
          name="task"
          placeholder="Your task"
          type="text"
          value=""
        />
        <button>
          Add Todo
        </button>
      </form>
      <div />
    </div>
  </div>
</DocumentFragment>
`;
